#! /c/Source/iverilog-install/bin/vvp
:ivl_version "12.0 (devel)" "(s20150603-1539-g2693dd32b)";
:ivl_delay_selection "TYPICAL";
:vpi_time_precision + 0;
:vpi_module "C:\iverilog\lib\ivl\system.vpi";
:vpi_module "C:\iverilog\lib\ivl\vhdl_sys.vpi";
:vpi_module "C:\iverilog\lib\ivl\vhdl_textio.vpi";
:vpi_module "C:\iverilog\lib\ivl\v2005_math.vpi";
:vpi_module "C:\iverilog\lib\ivl\va_math.vpi";
:vpi_module "C:\iverilog\lib\ivl\v2009.vpi";
S_000001d39b7d46f0 .scope package, "$unit" "$unit" 2 1;
 .timescale 0 0;
S_000001d39b7b0680 .scope module, "tb" "tb" 3 1;
 .timescale 0 0;
P_000001d39b75a670 .param/l "rT" 1 3 3, +C4<00000000000000000000000000010010>;
P_000001d39b75a6a8 .param/l "wT" 1 3 2, +C4<00000000000000000000000000001010>;
v000001d39b832680_0 .var "data_in", 31 0;
v000001d39b8320e0_0 .net "data_out", 31 0, v000001d39b7cc560_0;  1 drivers
v000001d39b8315a0_0 .net "empty", 0 0, L_000001d39b831f00;  1 drivers
v000001d39b832540_0 .net "full", 0 0, L_000001d39b7a2370;  1 drivers
v000001d39b8325e0_0 .var "r_en", 0 0;
v000001d39b832c20_0 .var "rclk", 0 0;
v000001d39b832860_0 .var "rrst_n", 0 0;
v000001d39b831500_0 .var "w_en", 0 0;
v000001d39b832720_0 .var "wclk", 0 0;
v000001d39b831640_0 .var "wrst_n", 0 0;
S_000001d39b7b0810 .scope module, "asf" "async_fifo" 3 14, 4 1 0, S_000001d39b7b0680;
 .timescale 0 0;
    .port_info 0 /INPUT 1 "wclk";
    .port_info 1 /INPUT 1 "rclk";
    .port_info 2 /INPUT 1 "wrst_n";
    .port_info 3 /INPUT 1 "rrst_n";
    .port_info 4 /INPUT 1 "w_en";
    .port_info 5 /INPUT 1 "r_en";
    .port_info 6 /INPUT 32 "data_in";
    .port_info 7 /OUTPUT 32 "data_out";
    .port_info 8 /OUTPUT 1 "full";
    .port_info 9 /OUTPUT 1 "empty";
P_000001d39b7d51f0 .param/l "ADD" 1 4 23, +C4<00000000000000000000000000000011>;
P_000001d39b7d5228 .param/l "depth" 0 4 4, +C4<00000000000000000000000000001000>;
P_000001d39b7d5260 .param/l "width" 0 4 3, +C4<00000000000000000000000000100000>;
v000001d39b831e60_0 .net "b_rptr", 3 0, v000001d39b827c60_0;  1 drivers
v000001d39b831320_0 .net "b_wptr", 3 0, v000001d39b8285c0_0;  1 drivers
v000001d39b831fa0_0 .net "data_in", 31 0, v000001d39b832680_0;  1 drivers
v000001d39b832ae0_0 .net "data_out", 31 0, v000001d39b7cc560_0;  alias, 1 drivers
v000001d39b831280_0 .net "empty", 0 0, L_000001d39b831f00;  alias, 1 drivers
v000001d39b831140_0 .net "full", 0 0, L_000001d39b7a2370;  alias, 1 drivers
v000001d39b831be0_0 .net "g_rptr", 3 0, L_000001d39b7a25a0;  1 drivers
v000001d39b832040_0 .net "g_rptr_sync", 3 0, v000001d39b828020_0;  1 drivers
v000001d39b8311e0_0 .net "g_wptr", 3 0, L_000001d39b7a2760;  1 drivers
v000001d39b832cc0_0 .net "g_wptr_sync", 3 0, v000001d39b828ca0_0;  1 drivers
v000001d39b832400_0 .net "r_en", 0 0, v000001d39b8325e0_0;  1 drivers
v000001d39b8313c0_0 .net "rclk", 0 0, v000001d39b832c20_0;  1 drivers
v000001d39b831460_0 .net "rrst_n", 0 0, v000001d39b832860_0;  1 drivers
v000001d39b832360_0 .net "w_en", 0 0, v000001d39b831500_0;  1 drivers
v000001d39b8324a0_0 .net "wclk", 0 0, v000001d39b832720_0;  1 drivers
v000001d39b831dc0_0 .net "wrst_n", 0 0, v000001d39b831640_0;  1 drivers
S_000001d39b7c2370 .scope module, "MEM" "fifo_mem" 4 78, 5 1 0, S_000001d39b7b0810;
 .timescale 0 0;
    .port_info 0 /INPUT 1 "wclk";
    .port_info 1 /INPUT 1 "rclk";
    .port_info 2 /INPUT 1 "w_en";
    .port_info 3 /INPUT 1 "r_en";
    .port_info 4 /INPUT 1 "full";
    .port_info 5 /INPUT 1 "empty";
    .port_info 6 /INPUT 32 "data_in";
    .port_info 7 /INPUT 4 "b_wptr";
    .port_info 8 /INPUT 4 "b_rptr";
    .port_info 9 /OUTPUT 32 "data_out";
P_000001d39b7d54b0 .param/l "ADD" 1 5 24, +C4<00000000000000000000000000000011>;
P_000001d39b7d54e8 .param/l "depth" 0 5 4, +C4<00000000000000000000000000001000>;
P_000001d39b7d5520 .param/l "width" 0 5 3, +C4<00000000000000000000000000100000>;
v000001d39b7cd0a0_0 .net "b_rptr", 3 0, v000001d39b827c60_0;  alias, 1 drivers
v000001d39b7ccce0_0 .net "b_wptr", 3 0, v000001d39b8285c0_0;  alias, 1 drivers
v000001d39b7cd140_0 .net "data_in", 31 0, v000001d39b832680_0;  alias, 1 drivers
v000001d39b7cc560_0 .var "data_out", 31 0;
v000001d39b7ccf60_0 .net "empty", 0 0, L_000001d39b831f00;  alias, 1 drivers
v000001d39b7cd280_0 .net "full", 0 0, L_000001d39b7a2370;  alias, 1 drivers
v000001d39b7cd320 .array "mem", 7 0, 31 0;
v000001d39b7cd000_0 .net "r_addr", 2 0, L_000001d39b831820;  1 drivers
v000001d39b7ccb00_0 .net "r_en", 0 0, v000001d39b8325e0_0;  alias, 1 drivers
v000001d39b7cc600_0 .net "rclk", 0 0, v000001d39b832c20_0;  alias, 1 drivers
v000001d39b7ccc40_0 .net "w_addr", 2 0, L_000001d39b831c80;  1 drivers
v000001d39b7ccd80_0 .net "w_en", 0 0, v000001d39b831500_0;  alias, 1 drivers
v000001d39b7cd1e0_0 .net "wclk", 0 0, v000001d39b832720_0;  alias, 1 drivers
E_000001d39b7cf580 .event posedge, v000001d39b7cc600_0;
E_000001d39b7cf1c0 .event posedge, v000001d39b7cd1e0_0;
L_000001d39b831c80 .part v000001d39b8285c0_0, 0, 3;
L_000001d39b831820 .part v000001d39b827c60_0, 0, 3;
S_000001d39b7c2500 .scope module, "RH" "rptr_handler" 4 52, 6 1 0, S_000001d39b7b0810;
 .timescale 0 0;
    .port_info 0 /INPUT 1 "rclk";
    .port_info 1 /INPUT 1 "rrst_n";
    .port_info 2 /INPUT 4 "g_wptr_sync";
    .port_info 3 /INPUT 1 "r_en";
    .port_info 4 /OUTPUT 4 "b_rptr";
    .port_info 5 /OUTPUT 4 "g_rptr";
    .port_info 6 /OUTPUT 1 "empty";
P_000001d39b7cf0c0 .param/l "depth" 0 6 3, +C4<00000000000000000000000000001000>;
L_000001d39b7a2680 .functor BUFZ 4, v000001d39b827c60_0, C4<0000>, C4<0000>, C4<0000>;
L_000001d39b7a2220 .functor NOT 1, L_000001d39b831f00, C4<0>, C4<0>, C4<0>;
L_000001d39b7a2300 .functor AND 1, v000001d39b8325e0_0, L_000001d39b7a2220, C4<1>, C4<1>;
v000001d39b828160_0 .net *"_ivl_2", 0 0, L_000001d39b7a2220;  1 drivers
v000001d39b827c60_0 .var "b_rptr", 3 0;
v000001d39b8287a0_0 .net "b_rptr_con", 3 0, L_000001d39b7a2680;  1 drivers
v000001d39b8271c0_0 .net "empty", 0 0, L_000001d39b831f00;  alias, 1 drivers
v000001d39b828200_0 .net "g_rptr", 3 0, L_000001d39b7a25a0;  alias, 1 drivers
v000001d39b828840_0 .net "g_wptr_sync", 3 0, v000001d39b828ca0_0;  alias, 1 drivers
v000001d39b828c00_0 .net "incr", 0 0, L_000001d39b7a2300;  1 drivers
v000001d39b827260_0 .net "r_en", 0 0, v000001d39b8325e0_0;  alias, 1 drivers
v000001d39b828a20_0 .net "rclk", 0 0, v000001d39b832c20_0;  alias, 1 drivers
v000001d39b828340_0 .net "rrst_n", 0 0, v000001d39b832860_0;  alias, 1 drivers
E_000001d39b7cf600/0 .event negedge, v000001d39b828340_0;
E_000001d39b7cf600/1 .event posedge, v000001d39b7cc600_0;
E_000001d39b7cf600 .event/or E_000001d39b7cf600/0, E_000001d39b7cf600/1;
L_000001d39b831f00 .cmp/eq 4, L_000001d39b7a25a0, v000001d39b828ca0_0;
S_000001d39b7aa910 .scope module, "B2G" "bin2gray" 6 30, 7 1 0, S_000001d39b7c2500;
 .timescale 0 0;
    .port_info 0 /INPUT 4 "bin";
    .port_info 1 /OUTPUT 4 "gray";
P_000001d39b7cf680 .param/l "WIDTH" 0 7 3, +C4<00000000000000000000000000000100>;
L_000001d39b7a25a0 .functor XOR 4, L_000001d39b7a2680, L_000001d39b8316e0, C4<0000>, C4<0000>;
v000001d39b7cce20_0 .net *"_ivl_0", 3 0, L_000001d39b8316e0;  1 drivers
v000001d39b7cc6a0_0 .net *"_ivl_2", 2 0, L_000001d39b832180;  1 drivers
L_000001d39b860088 .functor BUFT 1, C4<0>, C4<0>, C4<0>, C4<0>;
v000001d39b828b60_0 .net *"_ivl_4", 0 0, L_000001d39b860088;  1 drivers
v000001d39b8276c0_0 .net "bin", 3 0, L_000001d39b7a2680;  alias, 1 drivers
v000001d39b828d40_0 .net "gray", 3 0, L_000001d39b7a25a0;  alias, 1 drivers
L_000001d39b832180 .part L_000001d39b7a2680, 1, 3;
L_000001d39b8316e0 .concat [ 3 1 0 0], L_000001d39b832180, L_000001d39b860088;
S_000001d39b7aaaa0 .scope module, "RS" "sync_2ff" 4 35, 8 1 0, S_000001d39b7b0810;
 .timescale 0 0;
    .port_info 0 /INPUT 1 "clk";
    .port_info 1 /INPUT 1 "rst_n";
    .port_info 2 /INPUT 4 "d_in";
    .port_info 3 /OUTPUT 4 "d_out";
P_000001d39b7cee00 .param/l "WIDTH" 0 8 3, +C4<00000000000000000000000000000100>;
v000001d39b827800_0 .net "clk", 0 0, v000001d39b832c20_0;  alias, 1 drivers
v000001d39b828de0_0 .net "d_in", 3 0, L_000001d39b7a2760;  alias, 1 drivers
v000001d39b828ca0_0 .var "d_out", 3 0;
v000001d39b827760_0 .var "q1", 3 0;
v000001d39b827580_0 .net "rst_n", 0 0, v000001d39b832860_0;  alias, 1 drivers
S_000001d39b7a53f0 .scope module, "WH" "wptr_handler" 4 62, 9 1 0, S_000001d39b7b0810;
 .timescale 0 0;
    .port_info 0 /INPUT 1 "wclk";
    .port_info 1 /INPUT 1 "wrst_n";
    .port_info 2 /INPUT 4 "g_rptr_sync";
    .port_info 3 /INPUT 1 "w_en";
    .port_info 4 /OUTPUT 4 "b_wptr";
    .port_info 5 /OUTPUT 4 "g_wptr";
    .port_info 6 /OUTPUT 1 "full";
P_000001d39b759ff0 .param/l "ADD" 1 9 16, +C4<00000000000000000000000000000011>;
P_000001d39b75a028 .param/l "depth" 0 9 3, +C4<00000000000000000000000000001000>;
L_000001d39b7a2610 .functor BUFZ 4, v000001d39b8285c0_0, C4<0000>, C4<0000>, C4<0000>;
L_000001d39b7a1c00 .functor NOT 1, L_000001d39b7a2370, C4<0>, C4<0>, C4<0>;
L_000001d39b7a1ce0 .functor AND 1, v000001d39b831500_0, L_000001d39b7a1c00, C4<1>, C4<1>;
L_000001d39b7a26f0 .functor XOR 1, L_000001d39b831960, L_000001d39b831780, C4<0>, C4<0>;
L_000001d39b7a2370 .functor AND 1, L_000001d39b8327c0, L_000001d39b7a26f0, C4<1>, C4<1>;
v000001d39b8279e0_0 .net *"_ivl_10", 0 0, L_000001d39b8327c0;  1 drivers
v000001d39b827620_0 .net *"_ivl_13", 0 0, L_000001d39b831960;  1 drivers
v000001d39b828ac0_0 .net *"_ivl_15", 0 0, L_000001d39b831780;  1 drivers
v000001d39b827120_0 .net *"_ivl_16", 0 0, L_000001d39b7a26f0;  1 drivers
v000001d39b827940_0 .net *"_ivl_2", 0 0, L_000001d39b7a1c00;  1 drivers
v000001d39b827bc0_0 .net *"_ivl_7", 2 0, L_000001d39b832a40;  1 drivers
v000001d39b828480_0 .net *"_ivl_9", 2 0, L_000001d39b832900;  1 drivers
v000001d39b827440_0 .net "b_rptr", 3 0, L_000001d39b8329a0;  1 drivers
v000001d39b8285c0_0 .var "b_wptr", 3 0;
v000001d39b8274e0_0 .net "b_wptr_con", 3 0, L_000001d39b7a2610;  1 drivers
v000001d39b827a80_0 .net "full", 0 0, L_000001d39b7a2370;  alias, 1 drivers
v000001d39b828660_0 .net "g_rptr_sync", 3 0, v000001d39b828020_0;  alias, 1 drivers
v000001d39b827da0_0 .net "g_wptr", 3 0, L_000001d39b7a2760;  alias, 1 drivers
v000001d39b8288e0_0 .net "incr", 0 0, L_000001d39b7a1ce0;  1 drivers
v000001d39b827e40_0 .net "w_en", 0 0, v000001d39b831500_0;  alias, 1 drivers
v000001d39b828980_0 .net "wclk", 0 0, v000001d39b832720_0;  alias, 1 drivers
v000001d39b827ee0_0 .net "wrst_n", 0 0, v000001d39b831640_0;  alias, 1 drivers
E_000001d39b7cf780/0 .event negedge, v000001d39b827ee0_0;
E_000001d39b7cf780/1 .event posedge, v000001d39b7cd1e0_0;
E_000001d39b7cf780 .event/or E_000001d39b7cf780/0, E_000001d39b7cf780/1;
L_000001d39b832a40 .part L_000001d39b7a2610, 0, 3;
L_000001d39b832900 .part L_000001d39b8329a0, 0, 3;
L_000001d39b8327c0 .cmp/eq 3, L_000001d39b832a40, L_000001d39b832900;
L_000001d39b831960 .part L_000001d39b7a2610, 3, 1;
L_000001d39b831780 .part L_000001d39b8329a0, 3, 1;
S_000001d39b7a5580 .scope module, "B2G" "bin2gray" 9 32, 7 1 0, S_000001d39b7a53f0;
 .timescale 0 0;
    .port_info 0 /INPUT 4 "bin";
    .port_info 1 /OUTPUT 4 "gray";
P_000001d39b7cf7c0 .param/l "WIDTH" 0 7 3, +C4<00000000000000000000000000000100>;
L_000001d39b7a2760 .functor XOR 4, L_000001d39b7a2610, L_000001d39b831d20, C4<0000>, C4<0000>;
v000001d39b827080_0 .net *"_ivl_0", 3 0, L_000001d39b831d20;  1 drivers
v000001d39b8282a0_0 .net *"_ivl_2", 2 0, L_000001d39b832f40;  1 drivers
L_000001d39b8600d0 .functor BUFT 1, C4<0>, C4<0>, C4<0>, C4<0>;
v000001d39b8283e0_0 .net *"_ivl_4", 0 0, L_000001d39b8600d0;  1 drivers
v000001d39b827b20_0 .net "bin", 3 0, L_000001d39b7a2610;  alias, 1 drivers
v000001d39b828520_0 .net "gray", 3 0, L_000001d39b7a2760;  alias, 1 drivers
L_000001d39b832f40 .part L_000001d39b7a2610, 1, 3;
L_000001d39b831d20 .concat [ 3 1 0 0], L_000001d39b832f40, L_000001d39b8600d0;
S_000001d39b7b6000 .scope module, "G2B" "gray2bin" 9 37, 10 1 0, S_000001d39b7a53f0;
 .timescale 0 0;
    .port_info 0 /INPUT 4 "gray";
    .port_info 1 /OUTPUT 4 "bin";
P_000001d39b7cf100 .param/l "WIDTH" 0 10 3, +C4<00000000000000000000000000000100>;
v000001d39b827d00_0 .net "bin", 3 0, L_000001d39b8329a0;  alias, 1 drivers
v000001d39b8273a0_0 .net "gray", 3 0, v000001d39b828020_0;  alias, 1 drivers
L_000001d39b8329a0 .ufunc/vec4 TD_tb.asf.WH.G2B.gray_to_bin, 4, v000001d39b828020_0 (v000001d39b827300_0) S_000001d39b7b6190;
S_000001d39b7b6190 .scope function.vec4.s4, "gray_to_bin" "gray_to_bin" 10 13, 10 13 0, S_000001d39b7b6000;
 .timescale 0 0;
v000001d39b828e80_0 .var "b", 3 0;
v000001d39b827300_0 .var "g", 3 0;
; Variable gray_to_bin is vec4 return value of scope S_000001d39b7b6190
v000001d39b828f20_0 .var/i "j", 31 0;
TD_tb.asf.WH.G2B.gray_to_bin ;
    %load/vec4 v000001d39b827300_0;
    %parti/s 1, 3, 3;
    %ix/load 4, 3, 0;
    %flag_set/imm 4, 0;
    %store/vec4 v000001d39b828e80_0, 4, 1;
    %pushi/vec4 2, 0, 32;
    %store/vec4 v000001d39b828f20_0, 0, 32;
T_0.0 ;
    %load/vec4 v000001d39b828f20_0;
    %cmpi/s 0, 0, 32;
    %flag_inv 5; GE is !LT
    %jmp/0xz T_0.1, 5;
    %load/vec4 v000001d39b828e80_0;
    %load/vec4 v000001d39b828f20_0;
    %addi 1, 0, 32;
    %part/s 1;
    %load/vec4 v000001d39b827300_0;
    %load/vec4 v000001d39b828f20_0;
    %part/s 1;
    %xor;
    %ix/getv/s 4, v000001d39b828f20_0;
    %store/vec4 v000001d39b828e80_0, 4, 1;
    %load/vec4 v000001d39b828f20_0;
    %subi 1, 0, 32;
    %store/vec4 v000001d39b828f20_0, 0, 32;
    %jmp T_0.0;
T_0.1 ;
    %load/vec4 v000001d39b828e80_0;
    %ret/vec4 0, 0, 4;  Assign to gray_to_bin (store_vec4_to_lval)
    %end;
S_000001d39b7bcf90 .scope module, "WS" "sync_2ff" 4 42, 8 1 0, S_000001d39b7b0810;
 .timescale 0 0;
    .port_info 0 /INPUT 1 "clk";
    .port_info 1 /INPUT 1 "rst_n";
    .port_info 2 /INPUT 4 "d_in";
    .port_info 3 /OUTPUT 4 "d_out";
P_000001d39b7cf2c0 .param/l "WIDTH" 0 8 3, +C4<00000000000000000000000000000100>;
v000001d39b828700_0 .net "clk", 0 0, v000001d39b832720_0;  alias, 1 drivers
v000001d39b827f80_0 .net "d_in", 3 0, L_000001d39b7a25a0;  alias, 1 drivers
v000001d39b828020_0 .var "d_out", 3 0;
v000001d39b8280c0_0 .var "q1", 3 0;
v000001d39b8310a0_0 .net "rst_n", 0 0, v000001d39b831640_0;  alias, 1 drivers
    .scope S_000001d39b7aaaa0;
T_1 ;
    %wait E_000001d39b7cf580;
    %load/vec4 v000001d39b827580_0;
    %nor/r;
    %flag_set/vec4 8;
    %jmp/0xz  T_1.0, 8;
    %pushi/vec4 0, 0, 4;
    %assign/vec4 v000001d39b827760_0, 0;
    %pushi/vec4 0, 0, 4;
    %assign/vec4 v000001d39b828ca0_0, 0;
    %jmp T_1.1;
T_1.0 ;
    %load/vec4 v000001d39b828de0_0;
    %assign/vec4 v000001d39b827760_0, 0;
    %load/vec4 v000001d39b827760_0;
    %assign/vec4 v000001d39b828ca0_0, 0;
T_1.1 ;
    %jmp T_1;
    .thread T_1;
    .scope S_000001d39b7bcf90;
T_2 ;
    %wait E_000001d39b7cf1c0;
    %load/vec4 v000001d39b8310a0_0;
    %nor/r;
    %flag_set/vec4 8;
    %jmp/0xz  T_2.0, 8;
    %pushi/vec4 0, 0, 4;
    %assign/vec4 v000001d39b8280c0_0, 0;
    %pushi/vec4 0, 0, 4;
    %assign/vec4 v000001d39b828020_0, 0;
    %jmp T_2.1;
T_2.0 ;
    %load/vec4 v000001d39b827f80_0;
    %assign/vec4 v000001d39b8280c0_0, 0;
    %load/vec4 v000001d39b8280c0_0;
    %assign/vec4 v000001d39b828020_0, 0;
T_2.1 ;
    %jmp T_2;
    .thread T_2;
    .scope S_000001d39b7c2500;
T_3 ;
    %wait E_000001d39b7cf600;
    %load/vec4 v000001d39b828340_0;
    %nor/r;
    %flag_set/vec4 8;
    %jmp/0xz  T_3.0, 8;
    %pushi/vec4 0, 0, 4;
    %assign/vec4 v000001d39b827c60_0, 0;
    %jmp T_3.1;
T_3.0 ;
    %load/vec4 v000001d39b827c60_0;
    %load/vec4 v000001d39b828c00_0;
    %pad/u 4;
    %add;
    %assign/vec4 v000001d39b827c60_0, 0;
T_3.1 ;
    %jmp T_3;
    .thread T_3;
    .scope S_000001d39b7a53f0;
T_4 ;
    %wait E_000001d39b7cf780;
    %load/vec4 v000001d39b827ee0_0;
    %nor/r;
    %flag_set/vec4 8;
    %jmp/0xz  T_4.0, 8;
    %pushi/vec4 0, 0, 4;
    %assign/vec4 v000001d39b8285c0_0, 0;
    %jmp T_4.1;
T_4.0 ;
    %load/vec4 v000001d39b8285c0_0;
    %load/vec4 v000001d39b8288e0_0;
    %pad/u 4;
    %add;
    %assign/vec4 v000001d39b8285c0_0, 0;
T_4.1 ;
    %jmp T_4;
    .thread T_4;
    .scope S_000001d39b7c2370;
T_5 ;
    %wait E_000001d39b7cf1c0;
    %load/vec4 v000001d39b7ccd80_0;
    %load/vec4 v000001d39b7cd280_0;
    %inv;
    %and;
    %flag_set/vec4 8;
    %jmp/0xz  T_5.0, 8;
    %load/vec4 v000001d39b7cd140_0;
    %load/vec4 v000001d39b7ccc40_0;
    %pad/u 5;
    %ix/vec4 3;
    %ix/load 4, 0, 0; Constant delay
    %assign/vec4/a/d v000001d39b7cd320, 0, 4;
T_5.0 ;
    %jmp T_5;
    .thread T_5;
    .scope S_000001d39b7c2370;
T_6 ;
    %wait E_000001d39b7cf580;
    %load/vec4 v000001d39b7ccb00_0;
    %load/vec4 v000001d39b7ccf60_0;
    %inv;
    %and;
    %flag_set/vec4 8;
    %jmp/0xz  T_6.0, 8;
    %load/vec4 v000001d39b7cd000_0;
    %pad/u 5;
    %ix/vec4 4;
    %load/vec4a v000001d39b7cd320, 4;
    %assign/vec4 v000001d39b7cc560_0, 0;
T_6.0 ;
    %jmp T_6;
    .thread T_6;
    .scope S_000001d39b7b0680;
T_7 ;
    %pushi/vec4 0, 0, 1;
    %store/vec4 v000001d39b832720_0, 0, 1;
    %pushi/vec4 0, 0, 1;
    %store/vec4 v000001d39b832c20_0, 0, 1;
    %end;
    .thread T_7, $init;
    .scope S_000001d39b7b0680;
T_8 ;
    %delay 5, 0;
    %load/vec4 v000001d39b832720_0;
    %nor/r;
    %store/vec4 v000001d39b832720_0, 0, 1;
    %jmp T_8;
    .thread T_8;
    .scope S_000001d39b7b0680;
T_9 ;
    %delay 9, 0;
    %load/vec4 v000001d39b832c20_0;
    %nor/r;
    %store/vec4 v000001d39b832c20_0, 0, 1;
    %jmp T_9;
    .thread T_9;
    .scope S_000001d39b7b0680;
T_10 ;
    %pushi/vec4 0, 0, 1;
    %store/vec4 v000001d39b831640_0, 0, 1;
    %pushi/vec4 0, 0, 1;
    %store/vec4 v000001d39b832860_0, 0, 1;
    %pushi/vec4 0, 0, 32;
    %store/vec4 v000001d39b832680_0, 0, 32;
    %pushi/vec4 0, 0, 1;
    %store/vec4 v000001d39b8325e0_0, 0, 1;
    %pushi/vec4 0, 0, 1;
    %store/vec4 v000001d39b831500_0, 0, 1;
    %delay 25, 0;
    %pushi/vec4 1, 0, 1;
    %store/vec4 v000001d39b831640_0, 0, 1;
    %pushi/vec4 1, 0, 1;
    %store/vec4 v000001d39b832860_0, 0, 1;
    %pushi/vec4 1, 0, 1;
    %store/vec4 v000001d39b8325e0_0, 0, 1;
    %delay 25, 0;
    %pushi/vec4 1, 0, 1;
    %store/vec4 v000001d39b831500_0, 0, 1;
    %pushi/vec4 40, 0, 32;
    %store/vec4 v000001d39b832680_0, 0, 32;
    %delay 25, 0;
    %pushi/vec4 0, 0, 1;
    %store/vec4 v000001d39b8325e0_0, 0, 1;
    %pushi/vec4 5, 0, 32;
    %store/vec4 v000001d39b832680_0, 0, 32;
    %delay 100, 0;
    %pushi/vec4 0, 0, 1;
    %store/vec4 v000001d39b831500_0, 0, 1;
    %pushi/vec4 1, 0, 1;
    %store/vec4 v000001d39b8325e0_0, 0, 1;
    %delay 200, 0;
    %vpi_call/w 3 46 "$finish" {0 0 0};
    %end;
    .thread T_10;
    .scope S_000001d39b7b0680;
T_11 ;
    %vpi_call/w 3 50 "$dumpfile", "waveform.vcd" {0 0 0};
    %vpi_call/w 3 51 "$dumpvars", 32'sb00000000000000000000000000000000, S_000001d39b7b0680 {0 0 0};
    %end;
    .thread T_11;
# The file index is used to find the file name in the following table.
:file_names 11;
    "N/A";
    "<interactive>";
    "-";
    "tb.sv";
    "async_fifo.sv";
    "fifo_mem.sv";
    "rptr_handler.sv";
    "bin2gray.sv";
    "sync_2ff.sv";
    "wptr_handler.sv";
    "gray2bin.sv";
