#! /c/Source/iverilog-install/bin/vvp
:ivl_version "12.0 (devel)" "(s20150603-1539-g2693dd32b)";
:ivl_delay_selection "TYPICAL";
:vpi_time_precision - 12;
:vpi_module "C:\iverilog\lib\ivl\system.vpi";
:vpi_module "C:\iverilog\lib\ivl\vhdl_sys.vpi";
:vpi_module "C:\iverilog\lib\ivl\vhdl_textio.vpi";
:vpi_module "C:\iverilog\lib\ivl\v2005_math.vpi";
:vpi_module "C:\iverilog\lib\ivl\va_math.vpi";
:vpi_module "C:\iverilog\lib\ivl\v2009.vpi";
S_00000279a534bc00 .scope package, "$unit" "$unit" 2 1;
 .timescale 0 0;
S_00000279a5385fd0 .scope module, "ClkDiv_TB" "ClkDiv_TB" 3 3;
 .timescale -9 -12;
v00000279a53e3880_0 .var "i_clk_en", 0 0;
v00000279a53e3240_0 .var "i_div_ratio", 7 0;
v00000279a53e3920_0 .var "i_ref_clk", 0 0;
v00000279a53e32e0_0 .var "i_rst_n", 0 0;
v00000279a53e3740_0 .net "o_div_clk", 0 0, L_00000279a53e3a60;  1 drivers
E_00000279a53496c0 .event posedge, v00000279a53e3060_0;
S_00000279a5396fd0 .scope module, "dut" "ClkDiv" 3 12, 4 1 0, S_00000279a5385fd0;
 .timescale 0 0;
    .port_info 0 /INPUT 1 "i_ref_clk";
    .port_info 1 /INPUT 1 "i_rst_n";
    .port_info 2 /INPUT 8 "i_div_ratio";
    .port_info 3 /INPUT 1 "i_clk_en";
    .port_info 4 /OUTPUT 1 "o_div_clk";
L_00000279a5397c80 .functor AND 1, v00000279a53e3880_0, L_00000279a53e3380, C4<1>, C4<1>;
L_00000279a5397890 .functor AND 1, L_00000279a5397c80, L_00000279a53e3600, C4<1>, C4<1>;
v00000279a53470f0_0 .net "ClK_DIV_EN", 0 0, L_00000279a5397890;  1 drivers
v00000279a534bf20_0 .net *"_ivl_11", 0 0, L_00000279a5397c80;  1 drivers
L_00000279a53ec0c8 .functor BUFT 1, C4<00000001>, C4<0>, C4<0>, C4<0>;
v00000279a5397160_0 .net/2u *"_ivl_12", 7 0, L_00000279a53ec0c8;  1 drivers
v00000279a5397200_0 .net *"_ivl_14", 0 0, L_00000279a53e3600;  1 drivers
v00000279a53972a0_0 .net *"_ivl_2", 6 0, L_00000279a53e39c0;  1 drivers
L_00000279a53ec038 .functor BUFT 1, C4<0>, C4<0>, C4<0>, C4<0>;
v00000279a5397340_0 .net *"_ivl_4", 0 0, L_00000279a53ec038;  1 drivers
L_00000279a53ec080 .functor BUFT 1, C4<00000000>, C4<0>, C4<0>, C4<0>;
v00000279a5393c60_0 .net/2u *"_ivl_6", 7 0, L_00000279a53ec080;  1 drivers
v00000279a53e3420_0 .net *"_ivl_8", 0 0, L_00000279a53e3380;  1 drivers
v00000279a53e36a0_0 .var "counter", 7 0;
v00000279a53e3560_0 .net "half_ratio", 7 0, L_00000279a53e3f60;  1 drivers
v00000279a53e31a0_0 .net "i_clk_en", 0 0, v00000279a53e3880_0;  1 drivers
v00000279a53e3b00_0 .net "i_div_ratio", 7 0, v00000279a53e3240_0;  1 drivers
v00000279a53e3060_0 .net "i_ref_clk", 0 0, v00000279a53e3920_0;  1 drivers
v00000279a53e34c0_0 .net "i_rst_n", 0 0, v00000279a53e32e0_0;  1 drivers
v00000279a53e3100_0 .net "o_div_clk", 0 0, L_00000279a53e3a60;  alias, 1 drivers
v00000279a53e37e0_0 .var "out_div", 0 0;
E_00000279a5349800/0 .event negedge, v00000279a53e34c0_0;
E_00000279a5349800/1 .event posedge, v00000279a53e3060_0;
E_00000279a5349800 .event/or E_00000279a5349800/0, E_00000279a5349800/1;
L_00000279a53e39c0 .part v00000279a53e3240_0, 1, 7;
L_00000279a53e3f60 .concat [ 7 1 0 0], L_00000279a53e39c0, L_00000279a53ec038;
L_00000279a53e3380 .cmp/ne 8, v00000279a53e3240_0, L_00000279a53ec080;
L_00000279a53e3600 .cmp/ne 8, v00000279a53e3240_0, L_00000279a53ec0c8;
L_00000279a53e3a60 .functor MUXZ 1, v00000279a53e3920_0, v00000279a53e37e0_0, L_00000279a5397890, C4<>;
    .scope S_00000279a5396fd0;
T_0 ;
    %wait E_00000279a5349800;
    %load/vec4 v00000279a53e34c0_0;
    %nor/r;
    %flag_set/vec4 8;
    %jmp/0xz  T_0.0, 8;
    %pushi/vec4 0, 0, 1;
    %assign/vec4 v00000279a53e37e0_0, 0;
    %pushi/vec4 0, 0, 8;
    %assign/vec4 v00000279a53e36a0_0, 0;
    %jmp T_0.1;
T_0.0 ;
    %load/vec4 v00000279a53470f0_0;
    %flag_set/vec4 8;
    %jmp/0xz  T_0.2, 8;
    %load/vec4 v00000279a53e36a0_0;
    %addi 1, 0, 8;
    %assign/vec4 v00000279a53e36a0_0, 0;
    %load/vec4 v00000279a53e36a0_0;
    %cmpi/e 0, 0, 8;
    %jmp/0xz  T_0.4, 4;
    %pushi/vec4 1, 0, 1;
    %assign/vec4 v00000279a53e37e0_0, 0;
    %jmp T_0.5;
T_0.4 ;
    %load/vec4 v00000279a53e36a0_0;
    %load/vec4 v00000279a53e3560_0;
    %cmp/e;
    %jmp/0xz  T_0.6, 4;
    %load/vec4 v00000279a53e37e0_0;
    %inv;
    %assign/vec4 v00000279a53e37e0_0, 0;
    %jmp T_0.7;
T_0.6 ;
    %load/vec4 v00000279a53e36a0_0;
    %load/vec4 v00000279a53e3b00_0;
    %cmp/e;
    %jmp/0xz  T_0.8, 4;
    %load/vec4 v00000279a53e37e0_0;
    %inv;
    %assign/vec4 v00000279a53e37e0_0, 0;
    %pushi/vec4 1, 0, 8;
    %assign/vec4 v00000279a53e36a0_0, 0;
T_0.8 ;
T_0.7 ;
T_0.5 ;
T_0.2 ;
T_0.1 ;
    %jmp T_0;
    .thread T_0;
    .scope S_00000279a5385fd0;
T_1 ;
    %pushi/vec4 0, 0, 1;
    %store/vec4 v00000279a53e3920_0, 0, 1;
    %end;
    .thread T_1;
    .scope S_00000279a5385fd0;
T_2 ;
    %delay 5000, 0;
    %load/vec4 v00000279a53e3920_0;
    %inv;
    %store/vec4 v00000279a53e3920_0, 0, 1;
    %jmp T_2;
    .thread T_2;
    .scope S_00000279a5385fd0;
T_3 ;
    %vpi_call/w 3 30 "$dumpfile", "waveform.vcd" {0 0 0};
    %vpi_call/w 3 31 "$dumpvars", 32'sb00000000000000000000000000000000, S_00000279a5385fd0 {0 0 0};
    %end;
    .thread T_3;
    .scope S_00000279a5385fd0;
T_4 ;
    %vpi_call/w 3 38 "$display", "CLK_DIV TEST START" {0 0 0};
    %pushi/vec4 0, 0, 1;
    %store/vec4 v00000279a53e32e0_0, 0, 1;
    %pushi/vec4 0, 0, 1;
    %store/vec4 v00000279a53e3880_0, 0, 1;
    %pushi/vec4 0, 0, 8;
    %store/vec4 v00000279a53e3240_0, 0, 8;
    %delay 20000, 0;
    %pushi/vec4 1, 0, 1;
    %store/vec4 v00000279a53e32e0_0, 0, 1;
    %pushi/vec4 0, 0, 1;
    %store/vec4 v00000279a53e3880_0, 0, 1;
    %pushi/vec4 4, 0, 8;
    %store/vec4 v00000279a53e3240_0, 0, 8;
    %pushi/vec4 5, 0, 32;
T_4.0 %dup/vec4;
    %pushi/vec4 0, 0, 32;
    %cmp/s;
    %jmp/1xz T_4.1, 5;
    %jmp/1 T_4.1, 4;
    %pushi/vec4 1, 0, 32;
    %sub;
    %wait E_00000279a53496c0;
    %jmp T_4.0;
T_4.1 ;
    %pop/vec4 1;
    %pushi/vec4 1, 0, 1;
    %store/vec4 v00000279a53e3880_0, 0, 1;
    %pushi/vec4 4, 0, 8;
    %store/vec4 v00000279a53e3240_0, 0, 8;
    %pushi/vec4 20, 0, 32;
T_4.2 %dup/vec4;
    %pushi/vec4 0, 0, 32;
    %cmp/s;
    %jmp/1xz T_4.3, 5;
    %jmp/1 T_4.3, 4;
    %pushi/vec4 1, 0, 32;
    %sub;
    %wait E_00000279a53496c0;
    %jmp T_4.2;
T_4.3 ;
    %pop/vec4 1;
    %pushi/vec4 7, 0, 8;
    %store/vec4 v00000279a53e3240_0, 0, 8;
    %pushi/vec4 40, 0, 32;
T_4.4 %dup/vec4;
    %pushi/vec4 0, 0, 32;
    %cmp/s;
    %jmp/1xz T_4.5, 5;
    %jmp/1 T_4.5, 4;
    %pushi/vec4 1, 0, 32;
    %sub;
    %wait E_00000279a53496c0;
    %jmp T_4.4;
T_4.5 ;
    %pop/vec4 1;
    %pushi/vec4 0, 0, 1;
    %store/vec4 v00000279a53e3880_0, 0, 1;
    %pushi/vec4 10, 0, 32;
T_4.6 %dup/vec4;
    %pushi/vec4 0, 0, 32;
    %cmp/s;
    %jmp/1xz T_4.7, 5;
    %jmp/1 T_4.7, 4;
    %pushi/vec4 1, 0, 32;
    %sub;
    %wait E_00000279a53496c0;
    %jmp T_4.6;
T_4.7 ;
    %pop/vec4 1;
    %vpi_call/w 3 74 "$finish" {0 0 0};
    %end;
    .thread T_4;
# The file index is used to find the file name in the following table.
:file_names 5;
    "N/A";
    "<interactive>";
    "-";
    "ClkDiv_TB.sv";
    "ClkDiv.sv";
