#! /c/Source/iverilog-install/bin/vvp
:ivl_version "12.0 (devel)" "(s20150603-1539-g2693dd32b)";
:ivl_delay_selection "TYPICAL";
:vpi_time_precision - 12;
:vpi_module "C:\iverilog\lib\ivl\system.vpi";
:vpi_module "C:\iverilog\lib\ivl\vhdl_sys.vpi";
:vpi_module "C:\iverilog\lib\ivl\vhdl_textio.vpi";
:vpi_module "C:\iverilog\lib\ivl\v2005_math.vpi";
:vpi_module "C:\iverilog\lib\ivl\va_math.vpi";
:vpi_module "C:\iverilog\lib\ivl\v2009.vpi";
S_000002f1a4af6530 .scope package, "$unit" "$unit" 2 1;
 .timescale 0 0;
S_000002f1a4af66c0 .scope module, "RST_SYNC_TB" "RST_SYNC_TB" 3 3;
 .timescale -9 -12;
v000002f1a4c4bd30_0 .var "CLK", 0 0;
v000002f1a4c4bdd0_0 .var "RST", 0 0;
v000002f1a4c4be70_0 .net "SYNC_RST", 0 0, v000002f1a4af6850_0;  1 drivers
E_000002f1a4ae5ca0 .event posedge, v000002f1a4c4b210_0;
S_000002f1a4c467b0 .scope module, "dut" "RST_SYNC" 3 10, 4 1 0, S_000002f1a4af66c0;
 .timescale 0 0;
    .port_info 0 /INPUT 1 "CLK";
    .port_info 1 /INPUT 1 "RST";
    .port_info 2 /OUTPUT 1 "SYNC_RST";
P_000002f1a4ae59a0 .param/l "NUM_STAGES" 0 4 3, +C4<00000000000000000000000000000010>;
v000002f1a4c4b210_0 .net "CLK", 0 0, v000002f1a4c4bd30_0;  1 drivers
v000002f1a4af43f0_0 .net "RST", 0 0, v000002f1a4c4bdd0_0;  1 drivers
v000002f1a4af6850_0 .var "SYNC_RST", 0 0;
v000002f1a4af68f0_0 .var "sync_reg", 0 0;
E_000002f1a4ae5c20/0 .event negedge, v000002f1a4af43f0_0;
E_000002f1a4ae5c20/1 .event posedge, v000002f1a4c4b210_0;
E_000002f1a4ae5c20 .event/or E_000002f1a4ae5c20/0, E_000002f1a4ae5c20/1;
    .scope S_000002f1a4c467b0;
T_0 ;
    %wait E_000002f1a4ae5c20;
    %load/vec4 v000002f1a4af43f0_0;
    %nor/r;
    %flag_set/vec4 8;
    %jmp/0xz  T_0.0, 8;
    %pushi/vec4 0, 0, 1;
    %assign/vec4 v000002f1a4af6850_0, 0;
    %pushi/vec4 0, 0, 1;
    %assign/vec4 v000002f1a4af68f0_0, 0;
    %jmp T_0.1;
T_0.0 ;
    %pushi/vec4 1, 0, 1;
    %load/vec4 v000002f1a4af68f0_0;
    %concat/vec4; draw_concat_vec4
    %split/vec4 1;
    %assign/vec4 v000002f1a4af6850_0, 0;
    %assign/vec4 v000002f1a4af68f0_0, 0;
T_0.1 ;
    %jmp T_0;
    .thread T_0;
    .scope S_000002f1a4af66c0;
T_1 ;
    %pushi/vec4 0, 0, 1;
    %store/vec4 v000002f1a4c4bd30_0, 0, 1;
    %end;
    .thread T_1;
    .scope S_000002f1a4af66c0;
T_2 ;
    %delay 5000, 0;
    %load/vec4 v000002f1a4c4bd30_0;
    %inv;
    %store/vec4 v000002f1a4c4bd30_0, 0, 1;
    %jmp T_2;
    .thread T_2;
    .scope S_000002f1a4af66c0;
T_3 ;
    %vpi_call/w 3 26 "$dumpfile", "waveform.vcd" {0 0 0};
    %vpi_call/w 3 27 "$dumpvars", 32'sb00000000000000000000000000000000, S_000002f1a4af66c0 {0 0 0};
    %end;
    .thread T_3;
    .scope S_000002f1a4af66c0;
T_4 ;
    %pushi/vec4 0, 0, 1;
    %store/vec4 v000002f1a4c4bdd0_0, 0, 1;
    %delay 12000, 0;
    %delay 7000, 0;
    %pushi/vec4 1, 0, 1;
    %store/vec4 v000002f1a4c4bdd0_0, 0, 1;
    %pushi/vec4 2, 0, 32;
T_4.0 %dup/vec4;
    %pushi/vec4 0, 0, 32;
    %cmp/s;
    %jmp/1xz T_4.1, 5;
    %jmp/1 T_4.1, 4;
    %pushi/vec4 1, 0, 32;
    %sub;
    %wait E_000002f1a4ae5ca0;
    %jmp T_4.0;
T_4.1 ;
    %pop/vec4 1;
    %wait E_000002f1a4ae5ca0;
    %delay 3000, 0;
    %pushi/vec4 0, 0, 1;
    %store/vec4 v000002f1a4c4bdd0_0, 0, 1;
    %delay 20000, 0;
    %vpi_call/w 3 55 "$finish" {0 0 0};
    %end;
    .thread T_4;
# The file index is used to find the file name in the following table.
:file_names 5;
    "N/A";
    "<interactive>";
    "-";
    "RST_SYNC_TB.sv";
    "RST_SYNC.sv";
