#! /c/Source/iverilog-install/bin/vvp
:ivl_version "12.0 (devel)" "(s20150603-1539-g2693dd32b)";
:ivl_delay_selection "TYPICAL";
:vpi_time_precision - 12;
:vpi_module "C:\iverilog\lib\ivl\system.vpi";
:vpi_module "C:\iverilog\lib\ivl\vhdl_sys.vpi";
:vpi_module "C:\iverilog\lib\ivl\vhdl_textio.vpi";
:vpi_module "C:\iverilog\lib\ivl\v2005_math.vpi";
:vpi_module "C:\iverilog\lib\ivl\va_math.vpi";
:vpi_module "C:\iverilog\lib\ivl\v2009.vpi";
S_000001af515943a0 .scope package, "$unit" "$unit" 2 1;
 .timescale 0 0;
S_000001af515a67a0 .scope module, "PULSE_GEN_TB" "PULSE_GEN_TB" 3 3;
 .timescale -9 -12;
v000001af515a3270_0 .var "CLK", 0 0;
v000001af515a3310_0 .var "LVL_SIG", 0 0;
v000001af515a33b0_0 .net "PULSE_SIG", 0 0, L_000001af515a85f0;  1 drivers
v000001af515a3450_0 .var "RST", 0 0;
E_000001af5155a690 .event posedge, v000001af515956d0_0;
S_000001af515a6930 .scope module, "dut" "PULSE_GEN" 3 11, 4 1 0, S_000001af515a67a0;
 .timescale 0 0;
    .port_info 0 /INPUT 1 "CLK";
    .port_info 1 /INPUT 1 "RST";
    .port_info 2 /INPUT 1 "LVL_SIG";
    .port_info 3 /OUTPUT 1 "PULSE_SIG";
L_000001af515a8510 .functor NOT 1, v000001af515a31d0_0, C4<0>, C4<0>, C4<0>;
L_000001af515a85f0 .functor AND 1, v000001af515a3130_0, L_000001af515a8510, C4<1>, C4<1>;
v000001af515956d0_0 .net "CLK", 0 0, v000001af515a3270_0;  1 drivers
v000001af51556bb0_0 .net "LVL_SIG", 0 0, v000001af515a3310_0;  1 drivers
v000001af51595770_0 .net "PULSE_SIG", 0 0, L_000001af515a85f0;  alias, 1 drivers
v000001af515a6ac0_0 .net "RST", 0 0, v000001af515a3450_0;  1 drivers
v000001af515a6b60_0 .net *"_ivl_0", 0 0, L_000001af515a8510;  1 drivers
v000001af515a3130_0 .var "current_flop", 0 0;
v000001af515a31d0_0 .var "prev_flop", 0 0;
E_000001af51559ed0/0 .event negedge, v000001af515a6ac0_0;
E_000001af51559ed0/1 .event posedge, v000001af515956d0_0;
E_000001af51559ed0 .event/or E_000001af51559ed0/0, E_000001af51559ed0/1;
    .scope S_000001af515a6930;
T_0 ;
    %wait E_000001af51559ed0;
    %load/vec4 v000001af515a6ac0_0;
    %nor/r;
    %flag_set/vec4 8;
    %jmp/0xz  T_0.0, 8;
    %pushi/vec4 0, 0, 1;
    %assign/vec4 v000001af515a3130_0, 0;
    %pushi/vec4 0, 0, 1;
    %assign/vec4 v000001af515a31d0_0, 0;
    %jmp T_0.1;
T_0.0 ;
    %load/vec4 v000001af51556bb0_0;
    %assign/vec4 v000001af515a3130_0, 0;
    %load/vec4 v000001af515a3130_0;
    %assign/vec4 v000001af515a31d0_0, 0;
T_0.1 ;
    %jmp T_0;
    .thread T_0;
    .scope S_000001af515a67a0;
T_1 ;
    %pushi/vec4 0, 0, 1;
    %store/vec4 v000001af515a3270_0, 0, 1;
    %end;
    .thread T_1;
    .scope S_000001af515a67a0;
T_2 ;
    %delay 5000, 0;
    %load/vec4 v000001af515a3270_0;
    %inv;
    %store/vec4 v000001af515a3270_0, 0, 1;
    %jmp T_2;
    .thread T_2;
    .scope S_000001af515a67a0;
T_3 ;
    %vpi_call/w 3 28 "$dumpfile", "waveform.vcd" {0 0 0};
    %vpi_call/w 3 29 "$dumpvars", 32'sb00000000000000000000000000000000, S_000001af515a67a0 {0 0 0};
    %end;
    .thread T_3;
    .scope S_000001af515a67a0;
T_4 ;
    %pushi/vec4 0, 0, 1;
    %store/vec4 v000001af515a3450_0, 0, 1;
    %pushi/vec4 0, 0, 1;
    %store/vec4 v000001af515a3310_0, 0, 1;
    %delay 20000, 0;
    %pushi/vec4 1, 0, 1;
    %store/vec4 v000001af515a3450_0, 0, 1;
    %pushi/vec4 5, 0, 32;
T_4.0 %dup/vec4;
    %pushi/vec4 0, 0, 32;
    %cmp/s;
    %jmp/1xz T_4.1, 5;
    %jmp/1 T_4.1, 4;
    %pushi/vec4 1, 0, 32;
    %sub;
    %wait E_000001af5155a690;
    %jmp T_4.0;
T_4.1 ;
    %pop/vec4 1;
    %pushi/vec4 1, 0, 1;
    %store/vec4 v000001af515a3310_0, 0, 1;
    %pushi/vec4 2, 0, 32;
T_4.2 %dup/vec4;
    %pushi/vec4 0, 0, 32;
    %cmp/s;
    %jmp/1xz T_4.3, 5;
    %jmp/1 T_4.3, 4;
    %pushi/vec4 1, 0, 32;
    %sub;
    %wait E_000001af5155a690;
    %jmp T_4.2;
T_4.3 ;
    %pop/vec4 1;
    %pushi/vec4 5, 0, 32;
T_4.4 %dup/vec4;
    %pushi/vec4 0, 0, 32;
    %cmp/s;
    %jmp/1xz T_4.5, 5;
    %jmp/1 T_4.5, 4;
    %pushi/vec4 1, 0, 32;
    %sub;
    %wait E_000001af5155a690;
    %jmp T_4.4;
T_4.5 ;
    %pop/vec4 1;
    %pushi/vec4 0, 0, 1;
    %store/vec4 v000001af515a3310_0, 0, 1;
    %pushi/vec4 3, 0, 32;
T_4.6 %dup/vec4;
    %pushi/vec4 0, 0, 32;
    %cmp/s;
    %jmp/1xz T_4.7, 5;
    %jmp/1 T_4.7, 4;
    %pushi/vec4 1, 0, 32;
    %sub;
    %wait E_000001af5155a690;
    %jmp T_4.6;
T_4.7 ;
    %pop/vec4 1;
    %pushi/vec4 1, 0, 1;
    %store/vec4 v000001af515a3310_0, 0, 1;
    %pushi/vec4 2, 0, 32;
T_4.8 %dup/vec4;
    %pushi/vec4 0, 0, 32;
    %cmp/s;
    %jmp/1xz T_4.9, 5;
    %jmp/1 T_4.9, 4;
    %pushi/vec4 1, 0, 32;
    %sub;
    %wait E_000001af5155a690;
    %jmp T_4.8;
T_4.9 ;
    %pop/vec4 1;
    %vpi_call/w 3 68 "$finish" {0 0 0};
    %end;
    .thread T_4;
# The file index is used to find the file name in the following table.
:file_names 5;
    "N/A";
    "<interactive>";
    "-";
    "PULSE_GEN_TB.sv";
    "PULSE_GEN.sv";
