#! /c/Source/iverilog-install/bin/vvp
:ivl_version "12.0 (devel)" "(s20150603-1539-g2693dd32b)";
:ivl_delay_selection "TYPICAL";
:vpi_time_precision - 12;
:vpi_module "C:\iverilog\lib\ivl\system.vpi";
:vpi_module "C:\iverilog\lib\ivl\vhdl_sys.vpi";
:vpi_module "C:\iverilog\lib\ivl\vhdl_textio.vpi";
:vpi_module "C:\iverilog\lib\ivl\v2005_math.vpi";
:vpi_module "C:\iverilog\lib\ivl\va_math.vpi";
:vpi_module "C:\iverilog\lib\ivl\v2009.vpi";
S_0000026db43181d0 .scope package, "$unit" "$unit" 2 1;
 .timescale 0 0;
S_0000026db4325de0 .scope module, "CLK_GATE_TB" "CLK_GATE_TB" 3 3;
 .timescale -9 -12;
v0000026db43261a0_0 .var "CLK", 0 0;
v0000026db436f840_0 .var "CLK_EN", 0 0;
v0000026db436f8e0_0 .net "GATED_CLK", 0 0, L_0000026db4314ca0;  1 drivers
E_0000026db4317610 .event posedge, v0000026db4317120_0;
E_0000026db4317710 .event negedge, v0000026db4317120_0;
S_0000026db4325f70 .scope module, "dut" "CLK_GATE" 3 11, 4 5 0, S_0000026db4325de0;
 .timescale 0 0;
    .port_info 0 /INPUT 1 "CLK_EN";
    .port_info 1 /INPUT 1 "CLK";
    .port_info 2 /OUTPUT 1 "GATED_CLK";
L_0000026db4314ca0 .functor AND 1, v0000026db43261a0_0, v0000026db4326100_0, C4<1>, C4<1>;
v0000026db4317120_0 .net "CLK", 0 0, v0000026db43261a0_0;  1 drivers
v0000026db44c6bb0_0 .net "CLK_EN", 0 0, v0000026db436f840_0;  1 drivers
v0000026db44c7110_0 .net "GATED_CLK", 0 0, L_0000026db4314ca0;  alias, 1 drivers
v0000026db4326100_0 .var "Latch_Out", 0 0;
E_0000026db4317a90 .event anyedge, v0000026db4317120_0, v0000026db44c6bb0_0;
    .scope S_0000026db4325f70;
T_0 ;
Ewait_0 .event/or E_0000026db4317a90, E_0x0;
    %wait Ewait_0;
    %load/vec4 v0000026db4317120_0;
    %nor/r;
    %flag_set/vec4 8;
    %jmp/0xz  T_0.0, 8;
    %load/vec4 v0000026db44c6bb0_0;
    %assign/vec4 v0000026db4326100_0, 0;
T_0.0 ;
    %jmp T_0;
    .thread T_0, $push;
    .scope S_0000026db4325de0;
T_1 ;
    %pushi/vec4 0, 0, 1;
    %store/vec4 v0000026db43261a0_0, 0, 1;
    %end;
    .thread T_1;
    .scope S_0000026db4325de0;
T_2 ;
    %delay 5000, 0;
    %load/vec4 v0000026db43261a0_0;
    %inv;
    %store/vec4 v0000026db43261a0_0, 0, 1;
    %jmp T_2;
    .thread T_2;
    .scope S_0000026db4325de0;
T_3 ;
    %vpi_call/w 3 24 "$dumpfile", "waveform.vcd" {0 0 0};
    %vpi_call/w 3 25 "$dumpvars", 32'sb00000000000000000000000000000000, S_0000026db4325de0 {0 0 0};
    %end;
    .thread T_3;
    .scope S_0000026db4325de0;
T_4 ;
    %pushi/vec4 0, 0, 1;
    %store/vec4 v0000026db436f840_0, 0, 1;
    %vpi_call/w 3 32 "$display", "Time   CLK  EN  GATED" {0 0 0};
    %vpi_call/w 3 33 "$monitor", "%4t    %b    %b    %b", $time, v0000026db43261a0_0, v0000026db436f840_0, v0000026db436f8e0_0 {0 0 0};
    %pushi/vec4 3, 0, 32;
T_4.0 %dup/vec4;
    %pushi/vec4 0, 0, 32;
    %cmp/s;
    %jmp/1xz T_4.1, 5;
    %jmp/1 T_4.1, 4;
    %pushi/vec4 1, 0, 32;
    %sub;
    %wait E_0000026db4317710;
    %jmp T_4.0;
T_4.1 ;
    %pop/vec4 1;
    %pushi/vec4 1, 0, 1;
    %store/vec4 v0000026db436f840_0, 0, 1;
    %wait E_0000026db4317710;
    %pushi/vec4 6, 0, 32;
T_4.2 %dup/vec4;
    %pushi/vec4 0, 0, 32;
    %cmp/s;
    %jmp/1xz T_4.3, 5;
    %jmp/1 T_4.3, 4;
    %pushi/vec4 1, 0, 32;
    %sub;
    %wait E_0000026db4317610;
    %jmp T_4.2;
T_4.3 ;
    %pop/vec4 1;
    %pushi/vec4 0, 0, 1;
    %store/vec4 v0000026db436f840_0, 0, 1;
    %pushi/vec4 6, 0, 32;
T_4.4 %dup/vec4;
    %pushi/vec4 0, 0, 32;
    %cmp/s;
    %jmp/1xz T_4.5, 5;
    %jmp/1 T_4.5, 4;
    %pushi/vec4 1, 0, 32;
    %sub;
    %wait E_0000026db4317610;
    %jmp T_4.4;
T_4.5 ;
    %pop/vec4 1;
    %wait E_0000026db4317710;
    %pushi/vec4 1, 0, 1;
    %store/vec4 v0000026db436f840_0, 0, 1;
    %pushi/vec4 6, 0, 32;
T_4.6 %dup/vec4;
    %pushi/vec4 0, 0, 32;
    %cmp/s;
    %jmp/1xz T_4.7, 5;
    %jmp/1 T_4.7, 4;
    %pushi/vec4 1, 0, 32;
    %sub;
    %wait E_0000026db4317610;
    %jmp T_4.6;
T_4.7 ;
    %pop/vec4 1;
    %vpi_call/w 3 53 "$finish" {0 0 0};
    %end;
    .thread T_4;
# The file index is used to find the file name in the following table.
:file_names 5;
    "N/A";
    "<interactive>";
    "-";
    "CLK_GATE_TB.sv";
    "CLK_GATE.sv";
